
═══ RUN 1: run1-summarise — "Summarise this article" on https://developer.mozilla.org/en-US/docs/Web/CSS/justify-content ═══
  [capture] drained 1 parse failure(s) for run1-summarise
  [vision] diff: The two screenshots have the following visible differences:

1. **Inserted top banner**: A new grey banner appears at the very top of the second screenshot that reads: **"Learn frontend, backend, and 
──────────────────────────────────────────────────────────────
  GOAL:    Summarise this article
  URL:     https://developer.mozilla.org/en-US/docs/Web/CSS/justify-content
  STATUS:  budgetExhausted
  SUMMARY: budget too low for retry after parse error
  STEPS:   7
  CALLS:   7 model call(s)
  TIME:    44.9s
  TOOLS:   describePage → readText → findElements → look → insert → readText
  CHANGED: assertApplied: 1 act(s) moved computed style
  REFUSED: budget too low for retry after parse error
  VISION:  The two screenshots have the following visible differences:

1. **Inserted top banner**: A new grey banner appears at the very top of the second screenshot that reads: **"Learn frontend, backend, and AI from our course partner Scrimba"** (with "Scrimba" as a link). This banner is absent in the first screenshot.

2. **Inserted advertisement box in right sidebar**: In the second screenshot, an ad box has been added below the "In this article" section on the right. It displays a **Hetzner** ad with
──────────────────────────────────────────────────────────────

═══ RUN 2: run2-failing-case — "Hide the video player" on https://developer.mozilla.org/en-US/docs/Web/CSS/justify-content ═══
  [vision] diff: nothing changed
──────────────────────────────────────────────────────────────
  GOAL:    Hide the video player
  URL:     https://developer.mozilla.org/en-US/docs/Web/CSS/justify-content
  STATUS:  gaveUp
  SUMMARY: No video player found on the page. Searches for both <video> and <iframe> elements returned 0 matches, so there is nothing to hide.
  STEPS:   4
  CALLS:   4 model call(s)
  TIME:    8.8s
  TOOLS:   describePage → findElements → findElements
  CHANGED: No changes detected
  REFUSED: No video player found on the page. Searches for both <video> and <iframe> elements returned 0 matches, so there is nothing to hide.
  VISION:  nothing changed
──────────────────────────────────────────────────────────────

═══ RUN 3: run3-wikipedia-sidebar — "Hide the sidebar" on https://en.wikipedia.org/wiki/CSS ═══
  [capture] drained 1 parse failure(s) for run3-wikipedia-sidebar
  [vision] WARNING: before+after screenshots are byte-identical — run is void
  [vision] diff: [VOID: before+after screenshots are byte-identical]
──────────────────────────────────────────────────────────────
  GOAL:    Hide the sidebar
  URL:     https://en.wikipedia.org/wiki/CSS
  STATUS:  budgetExhausted
  SUMMARY: budget too low for retry after parse error
  STEPS:   3
  CALLS:   3 model call(s)
  TIME:    35.5s
  TOOLS:   describePage → findElements
  CHANGED: No changes detected
  REFUSED: budget too low for retry after parse error
  VISION:  [VOID: before+after screenshots are byte-identical]
──────────────────────────────────────────────────────────────

═══ RUN 4: run4-reduce-clutter — "Reduce clutter" on https://developer.mozilla.org/en-US/docs/Web/CSS/justify-content ═══
  [capture] drained 1 parse failure(s) for run4-reduce-clutter
  [vision] diff: The second screenshot has an **additional top promotional banner** that is not present in the first screenshot.

- **Inserted content box:** A gray bar at the very top now reads:  
  *“Learn frontend,
──────────────────────────────────────────────────────────────
  GOAL:    Reduce clutter
  URL:     https://developer.mozilla.org/en-US/docs/Web/CSS/justify-content
  STATUS:  budgetExhausted
  SUMMARY: budget too low for retry after parse error
  STEPS:   7
  CALLS:   7 model call(s)
  TIME:    40.0s
  TOOLS:   describePage → describePage → findElements → findElements → applyCss → findElements
  CHANGED: assertApplied: all acts returned applied=false (TRANSFORMATION FAILURE)
  REFUSED: budget too low for retry after parse error
  VISION:  The second screenshot has an **additional top promotional banner** that is not present in the first screenshot.

- **Inserted content box:** A gray bar at the very top now reads:  
  *“Learn frontend, backend, and AI from our course partner Scrimba”* with “Scrimba” as a hyperlink.  
  In the first screenshot this top bar is blank/empty.

- **Spacing change:** Because that banner was inserted, the rest of the page (MDN header, breadcrumb, article heading, sidebars, etc.) is pushed down slightly i
──────────────────────────────────────────────────────────────

═══ RUN 5: run5-hn-spacing — "Increase spacing" on https://news.ycombinator.com/ ═══
  [vision] diff: The two screenshots show the same Hacker News page, but the second one has been made less dense:

- **Hidden/removed content:** The second screenshot stops at story 11. Stories 12 through 20 from the 
──────────────────────────────────────────────────────────────
  GOAL:    Increase spacing
  URL:     https://news.ycombinator.com/
  STATUS:  done
  SUMMARY: Applied CSS to increase spacing on the Hacker News page by adding padding to table cells (4px 6px) and row spacing, increasing the overall spacing between content elements.
  STEPS:   9
  CALLS:   9 model call(s)
  TIME:    27.9s
  TOOLS:   describePage → checkLayout → checkLayout → checkLayout → applyCss
  CHANGED: assertApplied: 1 act(s) moved computed style
  REFUSED: Nothing refused
  VISION:  The two screenshots show the same Hacker News page, but the second one has been made less dense:

- **Hidden/removed content:** The second screenshot stops at story 11. Stories 12 through 20 from the first screenshot are gone.
- **Spacing changes:** There is noticeably more vertical space between the remaining items. The rank arrows, titles, and metadata lines are all more spread out, leaving a large blank area below story 11.
- No sidebars were removed, no new content boxes were inserted, and n
──────────────────────────────────────────────────────────────
  [run5] resize check: 1440 → 380 → 1440
  [run5] overflow at 380px: NO ✓
  [run5] overflow at 1440px: NO ✓

═══ RUN 6: run6-toggle-cycle — "Summarise this article" on https://developer.mozilla.org/en-US/docs/Web/CSS/justify-content ═══
  [vision] diff: The main difference is an **inserted Summary content box** in the second screenshot.

Specifically:

1. **New Summary box inserted** — A light gray/blue bordered callout appears at the top of the arti
──────────────────────────────────────────────────────────────
  GOAL:    Summarise this article
  URL:     https://developer.mozilla.org/en-US/docs/Web/CSS/justify-content
  STATUS:  done
  SUMMARY: I inserted a summary of the MDN article on the CSS `justify-content` property directly after the page's h1 heading. The summary covers what justify-content does (defining how space is distributed between and around flex/grid items along the main axis), its applicable contexts (flex containers and grid containers), and key behavior notes (alignment along the main axis in flexbox, inline axis in grid, and interaction with auto margins). The original article content remains unchanged below the inserted summary.
  STEPS:   6
  CALLS:   6 model call(s)
  TIME:    19.1s
  TOOLS:   describePage → readText → findElements → look → insert
  CHANGED: assertApplied: 1 act(s) moved computed style
  REFUSED: Nothing refused
  VISION:  The main difference is an **inserted Summary content box** in the second screenshot.

Specifically:

1. **New Summary box inserted** — A light gray/blue bordered callout appears at the top of the article content in the second screenshot. It begins with **"Summary:"** and contains a condensed explanation of `justify-content`, including common values like `flex-start`, `flex-end`, `center`, `space-between`, `space-around`, and `space-evenly`.

2. **Subsequent content pushed down** — Because the Su
──────────────────────────────────────────────────────────────
  [run6] off/on/off toggle cycle starting
FAILED: run6-toggle-cycle — [run6-toggle-cycle toggle-off-1] DOM NOT CLEAN — fingerprint differs from baseline.
  baseline[0..600]: body[class=page-layout](ul[class=a11y-menu](li(a[data-glean-id=a11y_menu: click #content,href=#content]:Skip to main content),li(a[data-glean-id=a11y_menu: click #search,href=#search]:Skip to search)),div[class=page-layout__banner,data-scheme=](mdn-placement-top),header[class=page-layout__header](nav[class=navigation,data-open=false,data-scheme=](div[class=navigation__logo](a[class=logo,href=/en-US/](svg[class=logo__image,height=24,role=img,viewBox=0 0 83 24,width=83](title:MDN,path[class=logo__letter,d=M9.4 0 2.81 21.17H.12L6.69 0H9.4Zm2.38 0v21.17H9.4V0h2.4Zm9.27 0-6.56 21.17H11.8L18.36 0h2.
  current[0..600]:  body[class=page-layout](ul[class=a11y-menu](li(a[data-glean-id=a11y_menu: click #content,href=#content]:Skip to main content),li(a[data-glean-id=a11y_menu: click #search,href=#search]:Skip to search)),div[class=page-layout__banner,data-scheme=](mdn-placement-top),header[class=page-layout__header](nav[class=navigation,data-open=false,data-scheme=](div[class=navigation__logo](a[class=logo,href=/en-US/](svg[class=logo__image,height=24,role=img,viewBox=0 0 83 24,width=83](title:MDN,path[class=logo__letter,d=M9.4 0 2.81 21.17H.12L6.69 0H9.4Zm2.38 0v21.17H9.4V0h2.4Zm9.27 0-6.56 21.17H11.8L18.36 0h2.

═══ CONTROL PAIR — identical screenshots ═══
  control pair: PASS ✓ (vision correctly reported no change)
  vision: nothing changed.


═══ SUMMARY ═══
  Summarise this article: budgetExhausted (7 steps, 7 calls, 44.9s)
  Hide the video player: gaveUp (4 steps, 4 calls, 8.8s)
  Hide the sidebar: budgetExhausted (3 steps, 3 calls, 35.5s)
  Reduce clutter: budgetExhausted (7 steps, 7 calls, 40.0s)
  Increase spacing: done (9 steps, 9 calls, 27.9s)
  Summarise this article: done (6 steps, 6 calls, 19.1s)
  Summarise this article: error (0 steps, 0 calls, 0.0s)
