
═══ RUN 1: run1-summarise — "Summarise this article" on https://developer.mozilla.org/en-US/docs/Web/CSS/justify-content ═══
  [vision] diff: nothing changed.
──────────────────────────────────────────────────────────────
  GOAL:    Summarise this article
  URL:     https://developer.mozilla.org/en-US/docs/Web/CSS/justify-content
  STATUS:  budgetExhausted
  SUMMARY: budget too low for retry after parse error
  STEPS:   3
  CALLS:   4 model call(s)
  TIME:    60.0s
  TOOLS:   describePage → findElements
  CHANGED: No changes detected
  REFUSED: budget too low for retry after parse error
  VISION:  nothing changed.
──────────────────────────────────────────────────────────────

═══ RUN 2: run2-failing-case — "Hide the video player" on https://developer.mozilla.org/en-US/docs/Web/CSS/justify-content ═══
  [vision] WARNING: before+after screenshots are byte-identical — run is void
  [vision] diff: [VOID: before+after screenshots are byte-identical]
──────────────────────────────────────────────────────────────
  GOAL:    Hide the video player
  URL:     https://developer.mozilla.org/en-US/docs/Web/CSS/justify-content
  STATUS:  gaveUp
  SUMMARY: No video player was found on this page. A search for <video> elements returned 0 matches. This is an MDN CSS reference documentation page (justify-content), which does not contain a video player.
  STEPS:   3
  CALLS:   4 model call(s)
  TIME:    46.2s
  TOOLS:   describePage → findElements
  CHANGED: No changes detected
  REFUSED: No video player was found on this page. A search for <video> elements returned 0 matches. This is an MDN CSS reference documentation page (justify-content), which does not contain a video player.
  VISION:  [VOID: before+after screenshots are byte-identical]
──────────────────────────────────────────────────────────────

═══ RUN 3: run3-wikipedia-sidebar — "Hide the sidebar" on https://en.wikipedia.org/wiki/CSS ═══
  [vision] WARNING: before+after screenshots are byte-identical — run is void
  [vision] diff: [VOID: before+after screenshots are byte-identical]
──────────────────────────────────────────────────────────────
  GOAL:    Hide the sidebar
  URL:     https://en.wikipedia.org/wiki/CSS
  STATUS:  budgetExhausted
  SUMMARY: budget too low for retry after parse error
  STEPS:   5
  CALLS:   6 model call(s)
  TIME:    60.0s
  TOOLS:   describePage → findElements → checkLayout
  CHANGED: No changes detected
  REFUSED: budget too low for retry after parse error
  VISION:  [VOID: before+after screenshots are byte-identical]
──────────────────────────────────────────────────────────────

═══ RUN 4: run4-reduce-clutter — "Reduce clutter" on https://developer.mozilla.org/en-US/docs/Web/CSS/justify-content ═══
  [vision] diff: The advertisement in the bottom-right corner has changed. In the first screenshot, the ad box shows only the Hetzner logo and the partial text "Sovereignty starts with" on a dark background. In the se
──────────────────────────────────────────────────────────────
  GOAL:    Reduce clutter
  URL:     https://developer.mozilla.org/en-US/docs/Web/CSS/justify-content
  STATUS:  budgetExhausted
  SUMMARY: budget too low for retry after parse error
  STEPS:   2
  CALLS:   2 model call(s)
  TIME:    58.0s
  TOOLS:   describePage
  CHANGED: No changes detected
  REFUSED: budget too low for retry after parse error
  VISION:  The advertisement in the bottom-right corner has changed. In the first screenshot, the ad box shows only the Hetzner logo and the partial text "Sovereignty starts with" on a dark background. In the second screenshot, the same ad box displays a more complete creative with the text "Sovereignty starts with HOSTING IT YOURSELF" and an illustration containing a guitar and a red robot character against a purple/blue background.

Everything else on the page appears unchanged, including the navigation,
──────────────────────────────────────────────────────────────

═══ RUN 5: run5-hn-spacing — "Increase spacing" on https://news.ycombinator.com/ ═══
  [vision] WARNING: before+after screenshots are byte-identical — run is void
  [vision] diff: [VOID: before+after screenshots are byte-identical]
──────────────────────────────────────────────────────────────
  GOAL:    Increase spacing
  URL:     https://news.ycombinator.com/
  STATUS:  budgetExhausted
  SUMMARY: —
  STEPS:   5
  CALLS:   5 model call(s)
  TIME:    55.5s
  TOOLS:   describePage → checkLayout → checkLayout
  CHANGED: No changes detected
  REFUSED: Nothing refused
  VISION:  [VOID: before+after screenshots are byte-identical]
──────────────────────────────────────────────────────────────

═══ RUN 6: run6-toggle-cycle — "Summarise this article" on https://developer.mozilla.org/en-US/docs/Web/CSS/justify-content ═══
  [vision] diff: The page is otherwise identical, but in the second screenshot the interactive code input in the **CSS Demo: justify-content** box showing `justify-content: start;` has a visible **blue focus outline /
──────────────────────────────────────────────────────────────
  GOAL:    Summarise this article
  URL:     https://developer.mozilla.org/en-US/docs/Web/CSS/justify-content
  STATUS:  budgetExhausted
  SUMMARY: budget too low for retry after parse error
  STEPS:   4
  CALLS:   5 model call(s)
  TIME:    60.0s
  TOOLS:   describePage → readText → look
  CHANGED: No changes detected
  REFUSED: budget too low for retry after parse error
  VISION:  The page is otherwise identical, but in the second screenshot the interactive code input in the **CSS Demo: justify-content** box showing `justify-content: start;` has a visible **blue focus outline / style overlay**, indicating it is focused (or was just clicked). No sidebars, sections, content boxes, spacing, or text content changed.
──────────────────────────────────────────────────────────────
  [run6] no changes applied — toggle cycle cannot proceed, marking failed

═══ CONTROL PAIR — identical screenshots ═══
  control pair: PASS ✓ (vision correctly reported no change)
  vision: nothing changed


═══ SUMMARY ═══
  Summarise this article: budgetExhausted (3 steps, 4 calls, 60.0s)
  Hide the video player: gaveUp (3 steps, 4 calls, 46.2s)
  Hide the sidebar: budgetExhausted (5 steps, 6 calls, 60.0s)
  Reduce clutter: budgetExhausted (2 steps, 2 calls, 58.0s)
  Increase spacing: budgetExhausted (5 steps, 5 calls, 55.5s)
  Summarise this article: error (4 steps, 5 calls, 60.0s)
