
═══ RUN 1: run1-summarise — "Summarise this article" on https://developer.mozilla.org/en-US/docs/Web/CSS/justify-content ═══
  [vision] diff: The only visible change is a **large, dark overlay of letters added along the left edge of the main article content**. Everything else—the header, sidebars, table of contents, ad, and article text—app
──────────────────────────────────────────────────────────────
  GOAL:    Summarise this article
  URL:     https://developer.mozilla.org/en-US/docs/Web/CSS/justify-content
  STATUS:  done
  SUMMARY: I read the MDN article on the CSS justify-content property, which defines how the browser distributes space between and around content items along the main axis of a flex container and the inline axis of grid and multicol containers. I inserted a summary box at the top of the main content area covering: the property's purpose, key values (start, end, flex-start, flex-end, center, left, right, space-between, space-around, space-evenly, stretch), and its applicability to flex, grid, and multicol layouts.
  STEPS:   4
  CALLS:   4 model call(s)
  TIME:    13.6s
  TOOLS:   describePage → readText → insert
  CHANGED: assertApplied: 1 act(s) moved computed style
  REFUSED: Nothing refused
  VISION:  The only visible change is a **large, dark overlay of letters added along the left edge of the main article content**. Everything else—the header, sidebars, table of contents, ad, and article text—appears unchanged.

Specifically, the second screenshot shows vertical/black text overlays near the left margin of the main content area that were not present in the first screenshot, including:

- A lowercase **“c”** just below the page heading  
- The letters **“m”** and **“a”** stacked vertically to
──────────────────────────────────────────────────────────────

═══ RUN 2: run2-failing-case — "Hide the video player" on https://developer.mozilla.org/en-US/docs/Web/CSS/justify-content ═══
  [vision] WARNING: before+after screenshots are byte-identical — run is void
  [vision] diff: [VOID: before+after screenshots are byte-identical]
──────────────────────────────────────────────────────────────
  GOAL:    Hide the video player
  URL:     https://developer.mozilla.org/en-US/docs/Web/CSS/justify-content
  STATUS:  gaveUp
  SUMMARY: No video player found on the page. Searches for both <video> and <iframe> elements returned 0 matches, so there is nothing to hide.
  STEPS:   4
  CALLS:   4 model call(s)
  TIME:    9.0s
  TOOLS:   describePage → findElements → findElements
  CHANGED: No changes detected
  REFUSED: No video player found on the page. Searches for both <video> and <iframe> elements returned 0 matches, so there is nothing to hide.
  VISION:  [VOID: before+after screenshots are byte-identical]
──────────────────────────────────────────────────────────────

═══ RUN 3: run3-wikipedia-sidebar — "Hide the sidebar" on https://en.wikipedia.org/wiki/CSS ═══
  [capture] drained 1 parse failure(s) for run3-wikipedia-sidebar
  [vision] WARNING: before+after screenshots are byte-identical — run is void
  [vision] diff: [VOID: before+after screenshots are byte-identical]
──────────────────────────────────────────────────────────────
  GOAL:    Hide the sidebar
  URL:     https://en.wikipedia.org/wiki/CSS
  STATUS:  budgetExhausted
  SUMMARY: budget too low for retry after parse error
  STEPS:   8
  CALLS:   8 model call(s)
  TIME:    40.0s
  TOOLS:   describePage → findElements → findElements → look → checkLayout → findElements
  CHANGED: No changes detected
  REFUSED: budget too low for retry after parse error
  VISION:  [VOID: before+after screenshots are byte-identical]
──────────────────────────────────────────────────────────────

═══ RUN 4: run4-reduce-clutter — "Reduce clutter" on https://developer.mozilla.org/en-US/docs/Web/CSS/justify-content ═══
  [capture] drained 1 parse failure(s) for run4-reduce-clutter
  [vision] diff: nothing changed.
──────────────────────────────────────────────────────────────
  GOAL:    Reduce clutter
  URL:     https://developer.mozilla.org/en-US/docs/Web/CSS/justify-content
  STATUS:  budgetExhausted
  SUMMARY: budget too low for retry after parse error
  STEPS:   8
  CALLS:   8 model call(s)
  TIME:    40.0s
  TOOLS:   describePage → findElements → findElements → look → checkLayout → findElements
  CHANGED: No changes detected
  REFUSED: budget too low for retry after parse error
  VISION:  nothing changed.
──────────────────────────────────────────────────────────────

═══ RUN 5: run5-hn-spacing — "Increase spacing" on https://news.ycombinator.com/ ═══
  [vision] diff: The second screenshot has two main visible changes compared to the first:

1. **Spacing change:** There is noticeably more vertical whitespace between each story entry. The title line, metadata line, 
──────────────────────────────────────────────────────────────
  GOAL:    Increase spacing
  URL:     https://news.ycombinator.com/
  STATUS:  done
  SUMMARY: Applied CSS to increase spacing on the Hacker News page by adding padding to table cells (td elements) within the main table, changing from 0px padding to 4px vertical and 6px horizontal padding. This increases the spacing between content rows and elements throughout the page.
  STEPS:   3
  CALLS:   3 model call(s)
  TIME:    9.1s
  TOOLS:   describePage → applyCss
  CHANGED: assertApplied: 1 act(s) moved computed style
  REFUSED: Nothing refused
  VISION:  The second screenshot has two main visible changes compared to the first:

1. **Spacing change:** There is noticeably more vertical whitespace between each story entry. The title line, metadata line, and the gap between one story and the next are all more spread out (larger line-height or margin/padding between list items).

2. **Fewer stories visible:** Because of the increased vertical spacing, only stories **1 through 10** are visible in the second image, whereas the first image shows stories
──────────────────────────────────────────────────────────────
  [run5] resize check: 1440 → 380 → 1440
  [run5] overflow at 380px: NO ✓
  [run5] overflow at 1440px: NO ✓

═══ RUN 6: run6-toggle-cycle — "Summarise this article" on https://developer.mozilla.org/en-US/docs/Web/CSS/justify-content ═══
  [vision] diff: The second screenshot has an **inserted text overlay** running vertically along the left edge of the main article content. Specifically:

- A thin vertical blue line/rule appears along the left edge o
──────────────────────────────────────────────────────────────
  GOAL:    Summarise this article
  URL:     https://developer.mozilla.org/en-US/docs/Web/CSS/justify-content
  STATUS:  done
  SUMMARY: I inserted a summary of the MDN article on the CSS `justify-content` property at the top of the #content region. The summary explains that `justify-content` defines how a browser distributes space between and around items along the main axis of a flex or grid container, aligning flex items or grid content when there is extra space available.
  STEPS:   6
  CALLS:   6 model call(s)
  TIME:    26.5s
  TOOLS:   describePage → readText → findElements → look → insert
  CHANGED: assertApplied: 1 act(s) moved computed style
  REFUSED: Nothing refused
  VISION:  The second screenshot has an **inserted text overlay** running vertically along the left edge of the main article content. Specifically:

- A thin vertical blue line/rule appears along the left edge of the main content column, starting near the title and extending down past the first two paragraphs.
- Individual letters are placed next to this line at different heights: **“S”**, **“m”**, **“a”**, **“r”**, **“t”**, and **“y”**.
- Below those letters, the text **“The CSS”** is stacked vertically l
──────────────────────────────────────────────────────────────
  [run6] off/on/off toggle cycle starting
FAILED: run6-toggle-cycle — [run6-toggle-cycle toggle-off-1] DOM NOT CLEAN — fingerprint differs from baseline.
  baseline[0..600]: body[class=page-layout](ul[class=a11y-menu](li(a[data-glean-id=a11y_menu: click #content,href=#content]:Skip to main content),li(a[data-glean-id=a11y_menu: click #search,href=#search]:Skip to search)),div[class=page-layout__banner,data-scheme=](mdn-placement-top),header[class=page-layout__header](nav[class=navigation,data-open=false,data-scheme=](div[class=navigation__logo](a[class=logo,href=/en-US/](svg[class=logo__image,height=24,role=img,viewBox=0 0 83 24,width=83](title:MDN,path[class=logo__letter,d=M9.4 0 2.81 21.17H.12L6.69 0H9.4Zm2.38 0v21.17H9.4V0h2.4Zm9.27 0-6.56 21.17H11.8L18.36 0h2.
  current[0..600]:  body[class=page-layout](ul[class=a11y-menu](li(a[data-glean-id=a11y_menu: click #content,href=#content]:Skip to main content),li(a[data-glean-id=a11y_menu: click #search,href=#search]:Skip to search)),div[class=page-layout__banner,data-scheme=](mdn-placement-top),header[class=page-layout__header](nav[class=navigation,data-open=false,data-scheme=](div[class=navigation__logo](a[class=logo,href=/en-US/](svg[class=logo__image,height=24,role=img,viewBox=0 0 83 24,width=83](title:MDN,path[class=logo__letter,d=M9.4 0 2.81 21.17H.12L6.69 0H9.4Zm2.38 0v21.17H9.4V0h2.4Zm9.27 0-6.56 21.17H11.8L18.36 0h2.

═══ CONTROL PAIR — identical screenshots ═══
  control pair: PASS ✓ (vision correctly reported no change)
  vision: nothing changed


═══ SUMMARY ═══
  Summarise this article: done (4 steps, 4 calls, 13.6s)
  Hide the video player: gaveUp (4 steps, 4 calls, 9.0s)
  Hide the sidebar: budgetExhausted (8 steps, 8 calls, 40.0s)
  Reduce clutter: budgetExhausted (8 steps, 8 calls, 40.0s)
  Increase spacing: done (3 steps, 3 calls, 9.1s)
  Summarise this article: done (6 steps, 6 calls, 26.5s)
  Summarise this article: error (0 steps, 0 calls, 0.0s)
