
═══ RUN 1: run1-summarise — "Summarise this article" on https://developer.mozilla.org/en-US/docs/Web/CSS/justify-content ═══
FAILED: run1-summarise — page.goto: net::ERR_CONNECTION_CLOSED at https://developer.mozilla.org/en-US/docs/Web/CSS/justify-content
Call log:
[2m  - navigating to "https://developer.mozilla.org/en-US/docs/Web/CSS/justify-content", waiting until "domcontentloaded"[22m


═══ RUN 2: run2-failing-case — "Hide the video player" on https://developer.mozilla.org/en-US/docs/Web/CSS/justify-content ═══
  [vision] diff: The second screenshot has two inserted content boxes that are not present in the first:

1. **Top banner ad** — A new gray banner appears at the very top reading:  
   “Learn frontend, backend, and AI
──────────────────────────────────────────────────────────────
  GOAL:    Hide the video player
  URL:     https://developer.mozilla.org/en-US/docs/Web/CSS/justify-content
  STATUS:  gaveUp
  SUMMARY: No video player element was found on this MDN CSS reference page (0 matches for 'video' selector). This is a documentation page about the justify-content CSS property and does not contain a video player to hide.
  STEPS:   3
  CALLS:   4 model call(s)
  TIME:    57.0s
  TOOLS:   perceivePage → findElements
  CHANGED: No changes detected
  REFUSED: No video player element was found on this MDN CSS reference page (0 matches for 'video' selector). This is a documentation page about the justify-content CSS property and does not contain a video player to hide.
  VISION:  The second screenshot has two inserted content boxes that are not present in the first:

1. **Top banner ad** — A new gray banner appears at the very top reading:  
   “Learn frontend, backend, and AI from our course partner Scrimba.”

2. **Bottom-right advertisement** — A new ad box for **Hetzner** (“Sovereignty starts with HOSTING IT YOURSELF”) with a small “AD” label is inserted in the right sidebar, below the “In this article” table of contents.

Other smaller visible changes:

3. In the “CS
──────────────────────────────────────────────────────────────

═══ RUN 3: run3-wikipedia-sidebar — "Hide the sidebar" on https://en.wikipedia.org/wiki/CSS ═══
  [vision] WARNING: before+after screenshots are byte-identical — run is void
  [vision] diff: [VOID: before+after screenshots are byte-identical]
──────────────────────────────────────────────────────────────
  GOAL:    Hide the sidebar
  URL:     https://en.wikipedia.org/wiki/CSS
  STATUS:  budgetExhausted
  SUMMARY: —
  STEPS:   5
  CALLS:   5 model call(s)
  TIME:    56.4s
  TOOLS:   describePage → hide → findElements → checkLayout
  CHANGED: assertApplied: 1 act(s) moved computed style
  REFUSED: Nothing refused
  VISION:  [VOID: before+after screenshots are byte-identical]
──────────────────────────────────────────────────────────────
  [run3] persistence check: reload + navigate to /wiki/HTML
  [run3] sidebar modification persisted on /wiki/HTML: NO ✗

═══ RUN 4: run4-reduce-clutter — "Reduce clutter" on https://developer.mozilla.org/en-US/docs/Web/CSS/justify-content ═══
  [vision] diff: The main content of the `justify-content` page is unchanged, but two visible differences appear around the edges:

1. **Left sidebar content is completely different.**
   - First screenshot: the sideb
──────────────────────────────────────────────────────────────
  GOAL:    Reduce clutter
  URL:     https://developer.mozilla.org/en-US/docs/Web/CSS/justify-content
  STATUS:  budgetExhausted
  SUMMARY: —
  STEPS:   4
  CALLS:   5 model call(s)
  TIME:    56.6s
  TOOLS:   describePage → findElements → applyCss → hide
  CHANGED: assertApplied: all acts returned applied=false (TRANSFORMATION FAILURE)
  REFUSED: Nothing refused
  VISION:  The main content of the `justify-content` page is unchanged, but two visible differences appear around the edges:

1. **Left sidebar content is completely different.**
   - First screenshot: the sidebar shows an alphabetical CSS properties list, including `interpolate-size`, `isolation`, the expanded `justify-*` group with `justify-content` selected, `justify-items`, `justify-self`, `left`, `letter-spacing`, etc.
   - Second screenshot: the sidebar shows a CSS guides/modules menu with headings l
──────────────────────────────────────────────────────────────

═══ RUN 5: run5-hn-spacing — "Increase spacing" on https://news.ycombinator.com/ ═══
  [vision] WARNING: before+after screenshots are byte-identical — run is void
  [vision] diff: [VOID: before+after screenshots are byte-identical]
──────────────────────────────────────────────────────────────
  GOAL:    Increase spacing
  URL:     https://news.ycombinator.com/
  STATUS:  budgetExhausted
  SUMMARY: budget too low for retry after parse error
  STEPS:   5
  CALLS:   5 model call(s)
  TIME:    60.0s
  TOOLS:   describePage → checkLayout → applyCss
  CHANGED: assertApplied: 1 act(s) moved computed style
  REFUSED: budget too low for retry after parse error
  VISION:  [VOID: before+after screenshots are byte-identical]
──────────────────────────────────────────────────────────────
  [run5] resize check: 1440 → 380 → 1440
  [run5] overflow at 380px: NO ✓
  [run5] overflow at 1440px: NO ✓

═══ RUN 6: run6-toggle-cycle — "Summarise this article" on https://developer.mozilla.org/en-US/docs/Web/CSS/justify-content ═══
  [vision] diff: The only visible change is in the **CSS demo value box** at the bottom of the page:

- In the first screenshot, the box shows only `justify-content: start;`.
- In the second screenshot, a **right-poin
──────────────────────────────────────────────────────────────
  GOAL:    Summarise this article
  URL:     https://developer.mozilla.org/en-US/docs/Web/CSS/justify-content
  STATUS:  budgetExhausted
  SUMMARY: budget too low for retry after parse error
  STEPS:   4
  CALLS:   5 model call(s)
  TIME:    60.0s
  TOOLS:   describePage → readText → look
  CHANGED: No changes detected
  REFUSED: budget too low for retry after parse error
  VISION:  The only visible change is in the **CSS demo value box** at the bottom of the page:

- In the first screenshot, the box shows only `justify-content: start;`.
- In the second screenshot, a **right-pointing arrow/chevron (`>`)** has been inserted to the right of `justify-content: start;` inside the same box.

Everything else — the top banner, navigation, sidebars, article content, spacing, and the “In this article” menu — appears unchanged.
──────────────────────────────────────────────────────────────
  [run6] no changes applied — toggle cycle cannot proceed, marking failed

═══ CONTROL PAIR — identical screenshots ═══
  control pair: PASS ✓ (vision correctly reported no change)
  vision: nothing changed


═══ SUMMARY ═══
  Summarise this article: error (0 steps, 0 calls, 0.0s)
  Hide the video player: gaveUp (3 steps, 4 calls, 57.0s)
  Hide the sidebar: partial (5 steps, 5 calls, 56.4s)
  Reduce clutter: budgetExhausted (4 steps, 5 calls, 56.6s)
  Increase spacing: budgetExhausted (5 steps, 5 calls, 60.0s)
  Summarise this article: error (4 steps, 5 calls, 60.0s)
