
═══ RUN 1: run1-summarise — "Summarise this article" on https://developer.mozilla.org/en-US/docs/Web/CSS/justify-content ═══
  [vision] diff: nothing changed
──────────────────────────────────────────────────────────────
  GOAL:    Summarise this article
  URL:     https://developer.mozilla.org/en-US/docs/Web/CSS/justify-content
  STATUS:  done
  SUMMARY: I read the MDN article on the CSS justify-content property and inserted a summary box at the top of the main content area. The summary explains that justify-content defines how the browser distributes space between and around content items along the main axis of a flex container and the inline axis of grid and multicol containers, and lists key values (start, end, flex-start, flex-end, center, left, right, space-between, space-around, space-evenly, stretch, etc.).
  STEPS:   5
  CALLS:   5 model call(s)
  TIME:    17.2s
  TOOLS:   describePage → readText → readText → insert
  CHANGED: assertApplied: 1 act(s) moved computed style
  REFUSED: Nothing refused
  VISION:  nothing changed
──────────────────────────────────────────────────────────────

═══ RUN 2: run2-failing-case — "Hide the video player" on https://developer.mozilla.org/en-US/docs/Web/CSS/justify-content ═══
  [vision] WARNING: before+after screenshots are byte-identical — run is void
  [vision] diff: [VOID: before+after screenshots are byte-identical]
──────────────────────────────────────────────────────────────
  GOAL:    Hide the video player
  URL:     https://developer.mozilla.org/en-US/docs/Web/CSS/justify-content
  STATUS:  gaveUp
  SUMMARY: No video player exists on this page. A search for <video> elements returned 0 matches. This is an MDN CSS reference documentation page (justify-content property), which does not contain a video player.
  STEPS:   3
  CALLS:   3 model call(s)
  TIME:    11.2s
  TOOLS:   describePage → findElements
  CHANGED: No changes detected
  REFUSED: No video player exists on this page. A search for <video> elements returned 0 matches. This is an MDN CSS reference documentation page (justify-content property), which does not contain a video player.
  VISION:  [VOID: before+after screenshots are byte-identical]
──────────────────────────────────────────────────────────────

═══ RUN 3: run3-wikipedia-sidebar — "Hide the sidebar" on https://en.wikipedia.org/wiki/CSS ═══
  [vision] diff: The left **Contents** sidebar has been hidden/removed. This includes the entire panel with the table of contents sections (Top, Syntax, History, Browser support, Limitations, Advantages, Standardizati
──────────────────────────────────────────────────────────────
  GOAL:    Hide the sidebar
  URL:     https://en.wikipedia.org/wiki/CSS
  STATUS:  done
  SUMMARY: Hid the sidebar elements (nav#mw-panel-toc and #vector-main-menu-dropdown) on the Wikipedia CSS page using display:none with reflow healing applied.
  STEPS:   9
  CALLS:   9 model call(s)
  TIME:    47.9s
  TOOLS:   describePage → findElements → findElements → findElements → findElements → checkLayout → hide
  CHANGED: assertApplied: 1 act(s) moved computed style
  REFUSED: Nothing refused
  VISION:  The left **Contents** sidebar has been hidden/removed. This includes the entire panel with the table of contents sections (Top, Syntax, History, Browser support, Limitations, Advantages, Standardization, See also, References, Further reading, External links) and its **hide** button.

Additionally, the **hamburger menu icon** in the top-left corner next to the Wikipedia logo has been removed.

As a result, the main article body has expanded leftward into the freed-up space, creating a wider conte
──────────────────────────────────────────────────────────────
  [run3] persistence check: reload + navigate to /wiki/HTML
  [run3] sidebar modification persisted on /wiki/HTML: NO ✗

═══ RUN 4: run4-reduce-clutter — "Reduce clutter" on https://developer.mozilla.org/en-US/docs/Web/CSS/justify-content ═══
  [vision] diff: The changes are:

**Left sidebar navigation content changed completely:**
- **First screenshot:** The sidebar shows a CSS property reference list centered on the `justify-content` property, including 
──────────────────────────────────────────────────────────────
  GOAL:    Reduce clutter
  URL:     https://developer.mozilla.org/en-US/docs/Web/CSS/justify-content
  STATUS:  budgetExhausted
  SUMMARY: —
  STEPS:   12
  CALLS:   12 model call(s)
  TIME:    57.4s
  TOOLS:   describePage → look → findElements → findElements → applyCss → findElements → findElements → checkLayout → applyCss → applyCss → applyCss
  CHANGED: assertApplied: all acts returned applied=false (TRANSFORMATION FAILURE)
  REFUSED: Nothing refused
  VISION:  The changes are:

**Left sidebar navigation content changed completely:**
- **First screenshot:** The sidebar shows a CSS property reference list centered on the `justify-content` property, including items like `interpolate-size`, `isolation`, the expanded `justify-*` group with `justify-content` selected, `justify-items`, `justify-self`, `left`, `letter-spacing`, `lighting-color`, `line-*`, `link-parameters`, and `list-*`.
- **Second screenshot:** The sidebar now shows a CSS guides/categories m
──────────────────────────────────────────────────────────────

═══ RUN 5: run5-hn-spacing — "Increase spacing" on https://news.ycombinator.com/ ═══
  [vision] diff: The second screenshot has **increased vertical spacing between Hacker News story items**. Each row's title, source URL, and metadata now takes up more vertical room, so only about **12–13 stories fit 
──────────────────────────────────────────────────────────────
  GOAL:    Increase spacing
  URL:     https://news.ycombinator.com/
  STATUS:  done
  SUMMARY: Applied CSS to increase spacing on the Hacker News page by adding vertical padding to table rows within the main table (#hnmain), increasing row padding from 0px to 8px top and bottom, which increases the spacing between content elements throughout the page.
  STEPS:   7
  CALLS:   7 model call(s)
  TIME:    36.1s
  TOOLS:   describePage → checkLayout → checkLayout → applyCss
  CHANGED: assertApplied: 1 act(s) moved computed style
  REFUSED: Nothing refused
  VISION:  The second screenshot has **increased vertical spacing between Hacker News story items**. Each row's title, source URL, and metadata now takes up more vertical room, so only about **12–13 stories fit in the viewport instead of 20**. The header bar, navigation links, login link, vote arrows, fonts, and all visible story content remain otherwise unchanged. No sections are hidden, no sidebars removed, no content boxes inserted, and no style overlays are applied.
──────────────────────────────────────────────────────────────
  [run5] resize check: 1440 → 380 → 1440
  [run5] overflow at 380px: NO ✓
  [run5] overflow at 1440px: NO ✓

═══ RUN 6: run6-toggle-cycle — "Summarise this article" on https://developer.mozilla.org/en-US/docs/Web/CSS/justify-content ═══
  [vision] diff: The second screenshot has **an inserted vertical text overlay/annotation box** on the left edge of the main article content area that is not present in the first screenshot.

Specifically:

- **Insert
──────────────────────────────────────────────────────────────
  GOAL:    Summarise this article
  URL:     https://developer.mozilla.org/en-US/docs/Web/CSS/justify-content
  STATUS:  done
  SUMMARY: I read the article content from the main element, which covers the CSS justify-content property — its definition, syntax, keyword values (start, end, flex-start, flex-end, center, left, right, space-between, space-around, space-evenly, stretch, etc.), formal definition, examples, specifications, and browser compatibility. I then inserted a concise summary box at the top of the main content area summarizing the key points of the article.
  STEPS:   4
  CALLS:   4 model call(s)
  TIME:    11.6s
  TOOLS:   describePage → readText → insert
  CHANGED: assertApplied: 1 act(s) moved computed style
  REFUSED: Nothing refused
  VISION:  The second screenshot has **an inserted vertical text overlay/annotation box** on the left edge of the main article content area that is not present in the first screenshot.

Specifically:

- **Inserted content box**: A narrow vertical strip of text has been added between the left sidebar and the main article content.
- **Vertical/stacked letters**: The overlay contains characters stacked one per line, appearing to read roughly: “A c and summary : TheCSS” (or similar) when read top-to-bottom.
- 
──────────────────────────────────────────────────────────────
  [run6] off/on/off toggle cycle starting
FAILED: run6-toggle-cycle — [run6-toggle-cycle toggle-off-1] DOM NOT CLEAN — fingerprint differs from baseline.
  baseline[0..600]: body[class=page-layout](ul[class=a11y-menu](li(a[data-glean-id=a11y_menu: click #content,href=#content]:Skip to main content),li(a[data-glean-id=a11y_menu: click #search,href=#search]:Skip to search)),div[class=page-layout__banner,data-scheme=](mdn-placement-top),header[class=page-layout__header](nav[class=navigation,data-open=false,data-scheme=](div[class=navigation__logo](a[class=logo,href=/en-US/](svg[class=logo__image,height=24,role=img,viewBox=0 0 83 24,width=83](title:MDN,path[class=logo__letter,d=M9.4 0 2.81 21.17H.12L6.69 0H9.4Zm2.38 0v21.17H9.4V0h2.4Zm9.27 0-6.56 21.17H11.8L18.36 0h2.
  current[0..600]:  body[class=page-layout](ul[class=a11y-menu](li(a[data-glean-id=a11y_menu: click #content,href=#content]:Skip to main content),li(a[data-glean-id=a11y_menu: click #search,href=#search]:Skip to search)),div[class=page-layout__banner,data-scheme=](mdn-placement-top),header[class=page-layout__header](nav[class=navigation,data-open=false,data-scheme=](div[class=navigation__logo](a[class=logo,href=/en-US/](svg[class=logo__image,height=24,role=img,viewBox=0 0 83 24,width=83](title:MDN,path[class=logo__letter,d=M9.4 0 2.81 21.17H.12L6.69 0H9.4Zm2.38 0v21.17H9.4V0h2.4Zm9.27 0-6.56 21.17H11.8L18.36 0h2.

═══ CONTROL PAIR — identical screenshots ═══
  control pair: PASS ✓ (vision correctly reported no change)
  vision: nothing changed


═══ SUMMARY ═══
  Summarise this article: done (5 steps, 5 calls, 17.2s)
  Hide the video player: gaveUp (3 steps, 3 calls, 11.2s)
  Hide the sidebar: partial (9 steps, 9 calls, 47.9s)
  Reduce clutter: budgetExhausted (12 steps, 12 calls, 57.4s)
  Increase spacing: done (7 steps, 7 calls, 36.1s)
  Summarise this article: done (4 steps, 4 calls, 11.6s)
  Summarise this article: error (0 steps, 0 calls, 0.0s)
