
═══ RUN 1: run1-summarise — "Summarise this article" on https://developer.mozilla.org/en-US/docs/Web/CSS/justify-content ═══
  [vision] diff: The two screenshots are visibly different. Here are the specific changes:

1. **Removed green "Baseline" banner**: The green box that read `"Baseline Widely available *"` with the Chrome/Edge/Firefox/
──────────────────────────────────────────────────────────────
  GOAL:    Summarise this article
  URL:     https://developer.mozilla.org/en-US/docs/Web/CSS/justify-content
  STATUS:  done
  SUMMARY: I inserted a summary box after the page's h1 heading summarizing the CSS justify-content property: it defines how the browser distributes space between and around content items along the main axis of a flex or grid container. Key values include flex-start, flex-end, center, space-between, space-around, space-evenly, and start/end/left/right. The property is widely supported across modern browsers.
  STEPS:   8
  CALLS:   8 model call(s)
  TIME:    49.5s
  TOOLS:   describePage → readText → findElements → look → insert → readText → findElements
  CHANGED: assertApplied: 1 act(s) moved computed style
  REFUSED: Nothing refused
  VISION:  The two screenshots are visibly different. Here are the specific changes:

1. **Removed green "Baseline" banner**: The green box that read `"Baseline Widely available *"` with the Chrome/Edge/Firefox/Safari browser icons has been removed.

2. **Inserted "Article Summary" content box**: A new large, light-blue-background box with a blue border titled **"Article Summary"** has been inserted between the page heading and the "Try it" section.

3. **Replaced original intro text**: The original openin
──────────────────────────────────────────────────────────────

═══ RUN 2: run2-failing-case — "Hide the video player" on https://developer.mozilla.org/en-US/docs/Web/CSS/justify-content ═══
  [vision] diff: In the **CSS Demo: justify-content** box at the bottom of the page, the code selector showing `justify-content: start;` now has a visible **blue right-pointing chevron/arrow (>)** on its right edge in
──────────────────────────────────────────────────────────────
  GOAL:    Hide the video player
  URL:     https://developer.mozilla.org/en-US/docs/Web/CSS/justify-content
  STATUS:  gaveUp
  SUMMARY: No video or iframe elements were found on the page (findElements for 'video' and 'iframe' both returned 0 matches). There is no video player to hide on this MDN CSS reference page.
  STEPS:   4
  CALLS:   4 model call(s)
  TIME:    10.1s
  TOOLS:   describePage → findElements → findElements
  CHANGED: No changes detected
  REFUSED: No video or iframe elements were found on the page (findElements for 'video' and 'iframe' both returned 0 matches). There is no video player to hide on this MDN CSS reference page.
  VISION:  In the **CSS Demo: justify-content** box at the bottom of the page, the code selector showing `justify-content: start;` now has a visible **blue right-pointing chevron/arrow (>)** on its right edge in the second screenshot. This arrow is absent in the first screenshot.

Everything else — the header, navigation, sidebar, article text, browser icons, and spacing — appears unchanged.
──────────────────────────────────────────────────────────────

═══ RUN 3: run3-wikipedia-sidebar — "Hide the sidebar" on https://en.wikipedia.org/wiki/CSS ═══
  [vision] diff: The main difference is that the **left sidebar table of contents (Contents) has been hidden/removed**, along with the **top-left hamburger menu icon**.

Specific changes:

**Hidden/removed elements:**
──────────────────────────────────────────────────────────────
  GOAL:    Hide the sidebar
  URL:     https://en.wikipedia.org/wiki/CSS
  STATUS:  done
  SUMMARY: Applied CSS to hide the sidebar elements (#vector-main-menu-dropdown, nav#mw-panel-toc, #vector-toc-pinned-container) on the Wikipedia CSS page.
  STEPS:   8
  CALLS:   8 model call(s)
  TIME:    32.5s
  TOOLS:   describePage → look → findElements → findElements → checkLayout → applyCss
  CHANGED: assertApplied: 1 act(s) moved computed style
  REFUSED: Nothing refused
  VISION:  The main difference is that the **left sidebar table of contents (Contents) has been hidden/removed**, along with the **top-left hamburger menu icon**.

Specific changes:

**Hidden/removed elements:**
- The hamburger menu icon (three horizontal lines) next to the Wikipedia logo is gone.
- The entire "Contents" panel on the left side is gone, including the section links: "(Top)", "Syntax", "History", "Browser support", "Limitations", "Advantages", "Standardization", "See also", "References", "Fur
──────────────────────────────────────────────────────────────
  [run3] persistence check: reload + navigate to /wiki/HTML
  [run3] sidebar modification persisted on /wiki/HTML: NO ✗

═══ RUN 4: run4-reduce-clutter — "Reduce clutter" on https://developer.mozilla.org/en-US/docs/Web/CSS/justify-content ═══
  [capture] drained 1 parse failure(s) for run4-reduce-clutter
  [vision] diff: The left sidebar has changed completely:

**First screenshot left sidebar:** Shows an alphabetical list of CSS properties around `justify-content`:
- `interpolate-size`
- `isolation`
- `justify-*` exp
──────────────────────────────────────────────────────────────
  GOAL:    Reduce clutter
  URL:     https://developer.mozilla.org/en-US/docs/Web/CSS/justify-content
  STATUS:  budgetExhausted
  SUMMARY: budget too low for retry after parse error
  STEPS:   7
  CALLS:   7 model call(s)
  TIME:    48.0s
  TOOLS:   describePage → findElements → findElements → look → applyCss → findElements
  CHANGED: assertApplied: all acts returned applied=false (TRANSFORMATION FAILURE)
  REFUSED: budget too low for retry after parse error
  VISION:  The left sidebar has changed completely:

**First screenshot left sidebar:** Shows an alphabetical list of CSS properties around `justify-content`:
- `interpolate-size`
- `isolation`
- `justify-*` expanded with `justify-content` highlighted, `justify-items`, `justify-self`
- `left`
- `letter-spacing`
- `lighting-color`
- `line-*`
- `link-parameters`
- `list-*`

**Second screenshot left sidebar:** Shows CSS guide/module categories instead:
- `CSS` heading
- `Guides`
- `Modules`
- `Anchor position
──────────────────────────────────────────────────────────────

═══ RUN 5: run5-hn-spacing — "Increase spacing" on https://news.ycombinator.com/ ═══
  [vision] diff: The second screenshot is a shorter/cropped view of the same Hacker News page:

- **Hidden section:** It shows only list items **1 through 13**. Items **14 through 20** that were visible in the first s
──────────────────────────────────────────────────────────────
  GOAL:    Increase spacing
  URL:     https://news.ycombinator.com/
  STATUS:  done
  SUMMARY: Applied CSS to increase spacing on Hacker News by adding vertical padding to table rows (8px top/bottom) and adjusting line-height/margins for better readability. The padding changed from 0px to 8px vertically, confirming the spacing increase was applied.
  STEPS:   5
  CALLS:   5 model call(s)
  TIME:    25.5s
  TOOLS:   describePage → checkLayout → applyCss
  CHANGED: assertApplied: 1 act(s) moved computed style
  REFUSED: Nothing refused
  VISION:  The second screenshot is a shorter/cropped view of the same Hacker News page:

- **Hidden section:** It shows only list items **1 through 13**. Items **14 through 20** that were visible in the first screenshot are no longer shown.
- **No other changes:** The orange header, navigation links, login link, vote arrows, fonts, spacing, and individual story text all appear identical. No sidebars were removed, no content boxes were inserted, and there are no style overlays.
──────────────────────────────────────────────────────────────
  [run5] resize check: 1440 → 380 → 1440
  [run5] overflow at 380px: NO ✓
  [run5] overflow at 1440px: NO ✓

═══ RUN 6: run6-toggle-cycle — "Summarise this article" on https://developer.mozilla.org/en-US/docs/Web/CSS/justify-content ═══
  [capture] drained 1 parse failure(s) for run6-toggle-cycle
  [vision] diff: The page is visually almost identical, but there is one small difference in the **interactive “Try it” / CSS Demo area** at the bottom:

- **Inserted/visible control:** In the second image, a **right-
──────────────────────────────────────────────────────────────
  GOAL:    Summarise this article
  URL:     https://developer.mozilla.org/en-US/docs/Web/CSS/justify-content
  STATUS:  budgetExhausted
  SUMMARY: budget too low for retry after parse error
  STEPS:   5
  CALLS:   5 model call(s)
  TIME:    48.0s
  TOOLS:   describePage → readText → readText → insert
  CHANGED: assertApplied: 1 act(s) moved computed style
  REFUSED: budget too low for retry after parse error
  VISION:  The page is visually almost identical, but there is one small difference in the **interactive “Try it” / CSS Demo area** at the bottom:

- **Inserted/visible control:** In the second image, a **right-pointing chevron / arrow (`>`)** appears immediately to the right of the code box that shows `justify-content: start;`. This arrow is not visible in the first image.

No other changes are visible—no sections are hidden, no sidebars removed, no content boxes inserted, and no spacing or style overlays
──────────────────────────────────────────────────────────────
  [run6] off/on/off toggle cycle starting
FAILED: run6-toggle-cycle — [run6-toggle-cycle toggle-off-1] DOM NOT CLEAN — fingerprint differs from baseline.
  baseline[0..600]: body[class=page-layout](ul[class=a11y-menu](li(a[data-glean-id=a11y_menu: click #content,href=#content]:Skip to main content),li(a[data-glean-id=a11y_menu: click #search,href=#search]:Skip to search)),div[class=page-layout__banner,data-scheme=](mdn-placement-top),header[class=page-layout__header](nav[class=navigation,data-open=false,data-scheme=](div[class=navigation__logo](a[class=logo,href=/en-US/](svg[class=logo__image,height=24,role=img,viewBox=0 0 83 24,width=83](title:MDN,path[class=logo__letter,d=M9.4 0 2.81 21.17H.12L6.69 0H9.4Zm2.38 0v21.17H9.4V0h2.4Zm9.27 0-6.56 21.17H11.8L18.36 0h2.
  current[0..600]:  body[class=page-layout](ul[class=a11y-menu](li(a[data-glean-id=a11y_menu: click #content,href=#content]:Skip to main content),li(a[data-glean-id=a11y_menu: click #search,href=#search]:Skip to search)),div[class=page-layout__banner,data-scheme=](mdn-placement-top),header[class=page-layout__header](nav[class=navigation,data-open=false,data-scheme=](div[class=navigation__logo](a[class=logo,href=/en-US/](svg[class=logo__image,height=24,role=img,viewBox=0 0 83 24,width=83](title:MDN,path[class=logo__letter,d=M9.4 0 2.81 21.17H.12L6.69 0H9.4Zm2.38 0v21.17H9.4V0h2.4Zm9.27 0-6.56 21.17H11.8L18.36 0h2.

═══ CONTROL PAIR — identical screenshots ═══
  control pair: PASS ✓ (vision correctly reported no change)
  vision: nothing changed


═══ SUMMARY ═══
  Summarise this article: done (8 steps, 8 calls, 49.5s)
  Hide the video player: gaveUp (4 steps, 4 calls, 10.1s)
  Hide the sidebar: partial (8 steps, 8 calls, 32.5s)
  Reduce clutter: budgetExhausted (7 steps, 7 calls, 48.0s)
  Increase spacing: done (5 steps, 5 calls, 25.5s)
  Summarise this article: budgetExhausted (5 steps, 5 calls, 48.0s)
  Summarise this article: error (0 steps, 0 calls, 0.0s)
