
═══ RUN 1: run1-summarise — "Summarise this article" on https://developer.mozilla.org/en-US/docs/Web/CSS/justify-content ═══
  [capture] drained 1 parse failure(s) for run1-summarise
  [vision] diff: The only visible change is in the **CSS Demo** code box under “Try it.”

- **First screenshot:** The editable code area containing `justify-content: start;` is unfocused and appears with no visible bo
──────────────────────────────────────────────────────────────
  GOAL:    Summarise this article
  URL:     https://developer.mozilla.org/en-US/docs/Web/CSS/justify-content
  STATUS:  budgetExhausted
  SUMMARY: budget too low for retry after parse error
  STEPS:   2
  CALLS:   2 model call(s)
  TIME:    40.0s
  TOOLS:   describePage
  CHANGED: No changes detected
  REFUSED: budget too low for retry after parse error
  VISION:  The only visible change is in the **CSS Demo** code box under “Try it.”

- **First screenshot:** The editable code area containing `justify-content: start;` is unfocused and appears with no visible border or arrow.
- **Second screenshot:** The same code area is now focused/active — it has a visible dark border/blue outline, and a small right-pointing arrow/chevron icon appears on the right side of the box.

Everything else on the page — the header, navigation, sidebars, article text, baseline ba
──────────────────────────────────────────────────────────────

═══ RUN 2: run2-failing-case — "Hide the video player" on https://developer.mozilla.org/en-US/docs/Web/CSS/justify-content ═══
  [capture] drained 1 parse failure(s) for run2-failing-case
  [vision] diff: The main difference is in the **interactive code editor** near the bottom:

- In the second screenshot, the input box containing `justify-content: start;` now has a **blue focus outline/border** aroun
──────────────────────────────────────────────────────────────
  GOAL:    Hide the video player
  URL:     https://developer.mozilla.org/en-US/docs/Web/CSS/justify-content
  STATUS:  budgetExhausted
  SUMMARY: budget too low for retry after parse error
  STEPS:   2
  CALLS:   2 model call(s)
  TIME:    37.9s
  TOOLS:   describePage
  CHANGED: No changes detected
  REFUSED: budget too low for retry after parse error
  VISION:  The main difference is in the **interactive code editor** near the bottom:

- In the second screenshot, the input box containing `justify-content: start;` now has a **blue focus outline/border** around it, indicating it is active or focused.
- A small **blue right-pointing arrow/chevron button** has appeared to the right of that input box.

Everything else on the page (navigation, sidebars, text content, banner, etc.) appears unchanged.
──────────────────────────────────────────────────────────────

═══ RUN 3: run3-wikipedia-sidebar — "Hide the sidebar" on https://en.wikipedia.org/wiki/CSS ═══
  [capture] drained 1 parse failure(s) for run3-wikipedia-sidebar
  [vision] diff: The main difference is that the **Appearance settings panel on the right has been expanded**, revealing options that were hidden in the first screenshot:

- **Text**: Small / **Standard** / Large
- **
──────────────────────────────────────────────────────────────
  GOAL:    Hide the sidebar
  URL:     https://en.wikipedia.org/wiki/CSS
  STATUS:  budgetExhausted
  SUMMARY: budget too low for retry after parse error
  STEPS:   3
  CALLS:   3 model call(s)
  TIME:    40.2s
  TOOLS:   describePage → hide
  CHANGED: assertApplied: 1 act(s) moved computed style
  REFUSED: budget too low for retry after parse error
  VISION:  The main difference is that the **Appearance settings panel on the right has been expanded**, revealing options that were hidden in the first screenshot:

- **Text**: Small / **Standard** / Large
- **Width**: **Standard** / Wide
- **Color**: Automatic / **Light** / Dark

There is also a subtle change in the **left Contents sidebar**: in the second screenshot, several top-level section headings (Syntax, History, Limitations, Advantages, Standardization) now have **collapsible disclosure arrows** 
──────────────────────────────────────────────────────────────
  [run3] persistence check: reload + navigate to /wiki/HTML
  [run3] sidebar modification persisted on /wiki/HTML: NO ✗

═══ RUN 4: run4-reduce-clutter — "Reduce clutter" on https://developer.mozilla.org/en-US/docs/Web/CSS/justify-content ═══
  [capture] drained 2 parse failure(s) for run4-reduce-clutter
  [vision] diff: The only visible change is in the **"CSS Demo: justify-content"** code box area near the bottom of the page. In the second screenshot:

- The code box containing `justify-content: start;` now has a **
──────────────────────────────────────────────────────────────
  GOAL:    Reduce clutter
  URL:     https://developer.mozilla.org/en-US/docs/Web/CSS/justify-content
  STATUS:  budgetExhausted
  SUMMARY: budget too low for retry after parse error
  STEPS:   2
  CALLS:   3 model call(s)
  TIME:    40.0s
  TOOLS:   describePage
  CHANGED: No changes detected
  REFUSED: budget too low for retry after parse error
  VISION:  The only visible change is in the **"CSS Demo: justify-content"** code box area near the bottom of the page. In the second screenshot:

- The code box containing `justify-content: start;` now has a **blue border/outline** indicating it is focused or active.
- A small **blue right-arrow/chevron button** has appeared immediately to the right of that code box.

All other elements — including the top banner, navigation, sidebars, ad box, text content, and overall layout — appear unchanged.
──────────────────────────────────────────────────────────────

═══ RUN 5: run5-hn-spacing — "Increase spacing" on https://news.ycombinator.com/ ═══
  [capture] drained 1 parse failure(s) for run5-hn-spacing
  [vision] WARNING: before+after screenshots are byte-identical — run is void
  [vision] diff: [VOID: before+after screenshots are byte-identical]
──────────────────────────────────────────────────────────────
  GOAL:    Increase spacing
  URL:     https://news.ycombinator.com/
  STATUS:  budgetExhausted
  SUMMARY: budget too low for retry after parse error
  STEPS:   4
  CALLS:   4 model call(s)
  TIME:    40.3s
  TOOLS:   describePage → checkLayout
  CHANGED: No changes detected
  REFUSED: budget too low for retry after parse error
  VISION:  [VOID: before+after screenshots are byte-identical]
──────────────────────────────────────────────────────────────

═══ RUN 6: run6-toggle-cycle — "Summarise this article" on https://developer.mozilla.org/en-US/docs/Web/CSS/justify-content ═══
  [capture] drained 1 parse failure(s) for run6-toggle-cycle
  [vision] diff: nothing changed
──────────────────────────────────────────────────────────────
  GOAL:    Summarise this article
  URL:     https://developer.mozilla.org/en-US/docs/Web/CSS/justify-content
  STATUS:  budgetExhausted
  SUMMARY: budget too low for retry after parse error
  STEPS:   2
  CALLS:   2 model call(s)
  TIME:    40.0s
  TOOLS:   describePage
  CHANGED: No changes detected
  REFUSED: budget too low for retry after parse error
  VISION:  nothing changed
──────────────────────────────────────────────────────────────
  [run6] no changes applied — toggle cycle cannot proceed, marking failed

═══ CONTROL PAIR — identical screenshots ═══
  control pair: PASS ✓ (vision correctly reported no change)
  vision: nothing changed


═══ SUMMARY ═══
  Summarise this article: budgetExhausted (2 steps, 2 calls, 40.0s)
  Hide the video player: budgetExhausted (2 steps, 2 calls, 37.9s)
  Hide the sidebar: partial (3 steps, 3 calls, 40.2s)
  Reduce clutter: budgetExhausted (2 steps, 3 calls, 40.0s)
  Increase spacing: budgetExhausted (4 steps, 4 calls, 40.3s)
  Summarise this article: error (2 steps, 2 calls, 40.0s)
