
═══ RUN 1: run1-summarise — "Summarise this article" on https://developer.mozilla.org/en-US/docs/Web/CSS/justify-content ═══
  [vision] diff: The second screenshot has an **inserted vertical text overlay** running down the left edge of the main article content that is not present in the first screenshot.

Specifically:

- A column of large 
──────────────────────────────────────────────────────────────
  GOAL:    Summarise this article
  URL:     https://developer.mozilla.org/en-US/docs/Web/CSS/justify-content
  STATUS:  done
  SUMMARY: I read the MDN article on the CSS justify-content property from the main content region, then inserted a concise summary box at the top of the main area. The summary explains that justify-content defines how a browser distributes space between and around content items along the main axis of a flex container and the inline axis of grid and multicol containers, and lists key keyword values (start, end, flex-start, flex-end, center, left, right, space-between, space-around, space-evenly, stretch, etc.).
  STEPS:   5
  CALLS:   5 model call(s)
  TIME:    20.3s
  TOOLS:   describePage → readText → readText → insert
  CHANGED: assertApplied: 1 act(s) moved computed style
  REFUSED: Nothing refused
  VISION:  The second screenshot has an **inserted vertical text overlay** running down the left edge of the main article content that is not present in the first screenshot.

Specifically:

- A column of large black characters (appearing to read roughly “summary The CSS”) is overlaid vertically on the left side, partially obscuring the title “justify-content CSS property” and the description paragraphs.
- A thin blue vertical line appears alongside the overlaid characters, also on the left edge of the mai
──────────────────────────────────────────────────────────────

═══ RUN 2: run2-failing-case — "Hide the video player" on https://developer.mozilla.org/en-US/docs/Web/CSS/justify-content ═══
  [vision] diff: The main difference is in the **interactive "CSS Demo: justify-content" box** at the bottom of the page.

In the **second screenshot**, a **right-pointing blue chevron/arrow (`>`)** has appeared at th
──────────────────────────────────────────────────────────────
  GOAL:    Hide the video player
  URL:     https://developer.mozilla.org/en-US/docs/Web/CSS/justify-content
  STATUS:  gaveUp
  SUMMARY: Searched for <video> elements on the page and found 0 matches. There is no video player present on this MDN CSS reference page to hide.
  STEPS:   3
  CALLS:   3 model call(s)
  TIME:    23.5s
  TOOLS:   describePage → findElements
  CHANGED: No changes detected
  REFUSED: Searched for <video> elements on the page and found 0 matches. There is no video player present on this MDN CSS reference page to hide.
  VISION:  The main difference is in the **interactive "CSS Demo: justify-content" box** at the bottom of the page.

In the **second screenshot**, a **right-pointing blue chevron/arrow (`>`)** has appeared at the right edge of the code panel (just to the right of the `justify-content: start;` code block). This looks like a navigation button to move to the next demo example.

In the **first screenshot**, that arrow is not visible — there is only the plain vertical divider/separator between the code panel an
──────────────────────────────────────────────────────────────

═══ RUN 3: run3-wikipedia-sidebar — "Hide the sidebar" on https://en.wikipedia.org/wiki/CSS ═══
  [capture] drained 1 parse failure(s) for run3-wikipedia-sidebar
  [vision] WARNING: before+after screenshots are byte-identical — run is void
  [vision] diff: [VOID: before+after screenshots are byte-identical]
──────────────────────────────────────────────────────────────
  GOAL:    Hide the sidebar
  URL:     https://en.wikipedia.org/wiki/CSS
  STATUS:  budgetExhausted
  SUMMARY: budget too low for retry after parse error
  STEPS:   10
  CALLS:   10 model call(s)
  TIME:    48.5s
  TOOLS:   describePage → findElements → findElements → look → checkLayout → findElements → checkLayout
  CHANGED: No changes detected
  REFUSED: budget too low for retry after parse error
  VISION:  [VOID: before+after screenshots are byte-identical]
──────────────────────────────────────────────────────────────

═══ RUN 4: run4-reduce-clutter — "Reduce clutter" on https://developer.mozilla.org/en-US/docs/Web/CSS/justify-content ═══
  [capture] drained 1 parse failure(s) for run4-reduce-clutter
  [vision] diff: The visible changes are in the **"Try it" interactive demo box** near the bottom of the screenshots:

1. **The `justify-content: start;` input field is now focused** — in the second screenshot, it has
──────────────────────────────────────────────────────────────
  GOAL:    Reduce clutter
  URL:     https://developer.mozilla.org/en-US/docs/Web/CSS/justify-content
  STATUS:  budgetExhausted
  SUMMARY: budget too low for retry after parse error
  STEPS:   7
  CALLS:   7 model call(s)
  TIME:    48.0s
  TOOLS:   describePage → findElements → findElements → applyCss → findElements → findElements
  CHANGED: assertApplied: all acts returned applied=false (TRANSFORMATION FAILURE)
  REFUSED: budget too low for retry after parse error
  VISION:  The visible changes are in the **"Try it" interactive demo box** near the bottom of the screenshots:

1. **The `justify-content: start;` input field is now focused** — in the second screenshot, it has a blue outline/border around it, indicating it is selected or active.

2. **A blue right-pointing arrow/chevron (`>`) has appeared** to the right of the `justify-content: start;` field. This navigation control was not visible (or not highlighted) in the first screenshot.

Everything else on the pag
──────────────────────────────────────────────────────────────

═══ RUN 5: run5-hn-spacing — "Increase spacing" on https://news.ycombinator.com/ ═══
  [vision] diff: The second image is a **cropped/shortened version** of the first one.

Specifically:

- **Items 12–20 are no longer visible** (rows such as “Only 2.6% of the most visited websites…”, “AI is removing t
──────────────────────────────────────────────────────────────
  GOAL:    Increase spacing
  URL:     https://news.ycombinator.com/
  STATUS:  done
  SUMMARY: Applied CSS to increase spacing on the Hacker News page by adding padding to table cells (6px 4px) and additional top padding to story rows (.athing). This increases the vertical and horizontal spacing between content elements across the page.
  STEPS:   3
  CALLS:   3 model call(s)
  TIME:    11.2s
  TOOLS:   describePage → applyCss
  CHANGED: assertApplied: 1 act(s) moved computed style
  REFUSED: Nothing refused
  VISION:  The second image is a **cropped/shortened version** of the first one.

Specifically:

- **Items 12–20 are no longer visible** (rows such as “Only 2.6% of the most visited websites…”, “AI is removing the middle class…”, “Delphi 13 Community Edition…”, etc., are cut off).
- Only **items 1–11** remain in view.
- The **header** “Hacker News new | past | comments | ask | show | jobs | submit” and the “login” link are unchanged.
- There are **no added/hidden sidebars, no inserted content boxes, no sty
──────────────────────────────────────────────────────────────
  [run5] resize check: 1440 → 380 → 1440
  [run5] overflow at 380px: NO ✓
  [run5] overflow at 1440px: NO ✓

═══ RUN 6: run6-toggle-cycle — "Summarise this article" on https://developer.mozilla.org/en-US/docs/Web/CSS/justify-content ═══
  [capture] drained 1 parse failure(s) for run6-toggle-cycle
  [vision] diff: The **CSS code input box** in the "Try it" demo has changed:

1. **Focus state added**: The `justify-content: start;` input field now has a **blue outline/border** around it, indicating it is focused.
──────────────────────────────────────────────────────────────
  GOAL:    Summarise this article
  URL:     https://developer.mozilla.org/en-US/docs/Web/CSS/justify-content
  STATUS:  budgetExhausted
  SUMMARY: budget too low for retry after parse error
  STEPS:   5
  CALLS:   5 model call(s)
  TIME:    48.0s
  TOOLS:   describePage → readText → findElements → look
  CHANGED: No changes detected
  REFUSED: budget too low for retry after parse error
  VISION:  The **CSS code input box** in the "Try it" demo has changed:

1. **Focus state added**: The `justify-content: start;` input field now has a **blue outline/border** around it, indicating it is focused.
2. **New chevron icon appeared**: A blue **right-pointing arrow/chevron (`>`)** has appeared to the right of the input field.

Everything else on the page appears unchanged.
──────────────────────────────────────────────────────────────
  [run6] no changes applied — toggle cycle cannot proceed, marking failed

═══ CONTROL PAIR — identical screenshots ═══
  control pair: PASS ✓ (vision correctly reported no change)
  vision: nothing changed


═══ SUMMARY ═══
  Summarise this article: done (5 steps, 5 calls, 20.3s)
  Hide the video player: gaveUp (3 steps, 3 calls, 23.5s)
  Hide the sidebar: budgetExhausted (10 steps, 10 calls, 48.5s)
  Reduce clutter: budgetExhausted (7 steps, 7 calls, 48.0s)
  Increase spacing: done (3 steps, 3 calls, 11.2s)
  Summarise this article: error (5 steps, 5 calls, 48.0s)
